PS C:\xampp\htdocs> mkdir git_challenge
PS C:\xampp\htdocs> cd git_challenge
PS C:\xampp\htdocs\git_challenge> git init
Initialized empty Git repository in C:/xampp/htdocs/git_challenge/.git/
PS C:\xampp\htdocs\git_challenge> echo "Hello, world!" >> hello_world.txt
PS C:\xampp\htdocs\git_challenge> git add hello_world.txt
PS C:\xampp\htdocs\git_challenge> git commit -m "hello_world.txtを追加"
[main (root-commit) 2c88070] hello_world.txtを追加
 1 file changed, 0 insertions(+), 0 deletions(-)
 create mode 100644 hello_world.txt
PS C:\xampp\htdocs\git_challenge> echo "こんにちは、世界！" >> hello_world.txt
PS C:\xampp\htdocs\git_challenge> git add hello_world.txt
PS C:\xampp\htdocs\git_challenge> git commit -m "日本語訳を追記"
[main a7f3696] 日本語訳を追記
 1 file changed, 0 insertions(+), 0 deletions(-)
PS C:\xampp\htdocs\git_challenge> git log --oneline
a7f3696 (HEAD -> main) 日本語訳を追記
2c88070 hello_world.txtを追加
PS C:\xampp\htdocs\git_challenge>
